[GIN-debug] [WARNING] Running in "debug" mode. Switch to "release" mode in production.
 - using env:	export GIN_MODE=release
 - using code:	gin.SetMode(gin.ReleaseMode)

[GIN-debug] GET    /health                   --> simpkl-api/internal/app.NewRouter.newHealthHandler.func5 (6 handlers)
[GIN-debug] GET    /api/v1/health            --> simpkl-api/internal/app.NewRouter.newHealthHandler.func5 (6 handlers)
[GIN-debug] GET    /openapi.yaml             --> simpkl-api/internal/app.NewRouter.(*RouterGroup).StaticFile.func6 (6 handlers)
[GIN-debug] HEAD   /openapi.yaml             --> simpkl-api/internal/app.NewRouter.(*RouterGroup).StaticFile.func6 (6 handlers)
[GIN-debug] GET    /swagger/*any             --> github.com/swaggo/gin-swagger.CustomWrapHandler.func1 (6 handlers)
[GIN-debug] POST   /api/v1/auth/login        --> simpkl-api/internal/modules/auth/delivery/http.(*Handler).Login-fm (6 handlers)
[GIN-debug] POST   /api/v1/auth/refresh      --> simpkl-api/internal/modules/auth/delivery/http.(*Handler).Refresh-fm (6 handlers)
[GIN-debug] POST   /api/v1/auth/logout       --> simpkl-api/internal/modules/auth/delivery/http.(*Handler).Logout-fm (7 handlers)
[GIN-debug] GET    /api/v1/auth/me           --> simpkl-api/internal/modules/auth/delivery/http.(*Handler).Me-fm (7 handlers)
[GIN-debug] GET    /api/v1/majors            --> simpkl-api/internal/shared/crud.RegisterRoutes[...].func1 (8 handlers)
[GIN-debug] GET    /api/v1/majors/:id        --> simpkl-api/internal/shared/crud.RegisterRoutes[...].func2 (8 handlers)
[GIN-debug] POST   /api/v1/majors            --> simpkl-api/internal/shared/crud.RegisterRoutes[...].func3 (8 handlers)
[GIN-debug] PUT    /api/v1/majors/:id        --> simpkl-api/internal/shared/crud.RegisterRoutes[...].func4 (8 handlers)
[GIN-debug] DELETE /api/v1/majors/:id        --> simpkl-api/internal/shared/crud.RegisterRoutes[...].func5 (8 handlers)
[GIN-debug] GET    /api/v1/classes           --> simpkl-api/internal/shared/crud.RegisterRoutes[...].func1 (8 handlers)
[GIN-debug] GET    /api/v1/classes/:id       --> simpkl-api/internal/shared/crud.RegisterRoutes[...].func2 (8 handlers)
[GIN-debug] POST   /api/v1/classes           --> simpkl-api/internal/shared/crud.RegisterRoutes[...].func3 (8 handlers)
[GIN-debug] PUT    /api/v1/classes/:id       --> simpkl-api/internal/shared/crud.RegisterRoutes[...].func4 (8 handlers)
[GIN-debug] DELETE /api/v1/classes/:id       --> simpkl-api/internal/shared/crud.RegisterRoutes[...].func5 (8 handlers)
[GIN-debug] GET    /api/v1/students          --> simpkl-api/internal/shared/crud.RegisterRoutes[...].func1 (8 handlers)
[GIN-debug] GET    /api/v1/students/:id      --> simpkl-api/internal/shared/crud.RegisterRoutes[...].func2 (8 handlers)
[GIN-debug] POST   /api/v1/students          --> simpkl-api/internal/shared/crud.RegisterRoutes[...].func3 (8 handlers)
[GIN-debug] PUT    /api/v1/students/:id      --> simpkl-api/internal/shared/crud.RegisterRoutes[...].func4 (8 handlers)
[GIN-debug] DELETE /api/v1/students/:id      --> simpkl-api/internal/shared/crud.RegisterRoutes[...].func5 (8 handlers)
[GIN-debug] POST   /api/v1/students/import   --> simpkl-api/internal/modules/students/delivery/http.(*Handler).Import-fm (8 handlers)
[GIN-debug] GET    /api/v1/companies         --> simpkl-api/internal/shared/crud.RegisterRoutes[...].func1 (8 handlers)
[GIN-debug] GET    /api/v1/companies/:id     --> simpkl-api/internal/shared/crud.RegisterRoutes[...].func2 (8 handlers)
[GIN-debug] POST   /api/v1/companies         --> simpkl-api/internal/shared/crud.RegisterRoutes[...].func3 (8 handlers)
[GIN-debug] PUT    /api/v1/companies/:id     --> simpkl-api/internal/shared/crud.RegisterRoutes[...].func4 (8 handlers)
[GIN-debug] DELETE /api/v1/companies/:id     --> simpkl-api/internal/shared/crud.RegisterRoutes[...].func5 (8 handlers)
[GIN-debug] GET    /api/v1/companies/:id/major-capacities --> simpkl-api/internal/modules/companies/delivery/http.(*Handler).MajorCapacities-fm (8 handlers)
[GIN-debug] PUT    /api/v1/companies/:id/major-capacities --> simpkl-api/internal/modules/companies/delivery/http.(*Handler).SetMajorCapacities-fm (8 handlers)
[GIN-debug] GET    /api/v1/company-contacts  --> simpkl-api/internal/shared/crud.RegisterRoutes[...].func1 (8 handlers)
[GIN-debug] GET    /api/v1/company-contacts/:id --> simpkl-api/internal/shared/crud.RegisterRoutes[...].func2 (8 handlers)
[GIN-debug] POST   /api/v1/company-contacts  --> simpkl-api/internal/shared/crud.RegisterRoutes[...].func3 (8 handlers)
[GIN-debug] PUT    /api/v1/company-contacts/:id --> simpkl-api/internal/shared/crud.RegisterRoutes[...].func4 (8 handlers)
[GIN-debug] DELETE /api/v1/company-contacts/:id --> simpkl-api/internal/shared/crud.RegisterRoutes[...].func5 (8 handlers)
[GIN-debug] GET    /api/v1/supervisors       --> simpkl-api/internal/shared/crud.RegisterRoutes[...].func1 (8 handlers)
[GIN-debug] GET    /api/v1/supervisors/:id   --> simpkl-api/internal/shared/crud.RegisterRoutes[...].func2 (8 handlers)
[GIN-debug] POST   /api/v1/supervisors       --> simpkl-api/internal/shared/crud.RegisterRoutes[...].func3 (8 handlers)
[GIN-debug] PUT    /api/v1/supervisors/:id   --> simpkl-api/internal/shared/crud.RegisterRoutes[...].func4 (8 handlers)
[GIN-debug] DELETE /api/v1/supervisors/:id   --> simpkl-api/internal/shared/crud.RegisterRoutes[...].func5 (8 handlers)
[GIN-debug] GET    /api/v1/periods           --> simpkl-api/internal/shared/crud.RegisterRoutes[...].func1 (8 handlers)
[GIN-debug] GET    /api/v1/periods/:id       --> simpkl-api/internal/shared/crud.RegisterRoutes[...].func2 (8 handlers)
[GIN-debug] POST   /api/v1/periods           --> simpkl-api/internal/shared/crud.RegisterRoutes[...].func3 (8 handlers)
[GIN-debug] PUT    /api/v1/periods/:id       --> simpkl-api/internal/shared/crud.RegisterRoutes[...].func4 (8 handlers)
[GIN-debug] DELETE /api/v1/periods/:id       --> simpkl-api/internal/shared/crud.RegisterRoutes[...].func5 (8 handlers)
[GIN-debug] GET    /api/v1/users             --> simpkl-api/internal/shared/crud.RegisterRoutes[...].func1 (8 handlers)
[GIN-debug] GET    /api/v1/users/:id         --> simpkl-api/internal/shared/crud.RegisterRoutes[...].func2 (8 handlers)
[GIN-debug] POST   /api/v1/users             --> simpkl-api/internal/shared/crud.RegisterRoutes[...].func3 (8 handlers)
[GIN-debug] PUT    /api/v1/users/:id         --> simpkl-api/internal/shared/crud.RegisterRoutes[...].func4 (8 handlers)
[GIN-debug] DELETE /api/v1/users/:id         --> simpkl-api/internal/shared/crud.RegisterRoutes[...].func5 (8 handlers)
[GIN-debug] PUT    /api/v1/users/:id/roles   --> simpkl-api/internal/modules/users/delivery/http.(*Handler).SetRoles-fm (8 handlers)
[GIN-debug] GET    /api/v1/roles             --> simpkl-api/internal/shared/crud.RegisterRoutes[...].func1 (8 handlers)
[GIN-debug] GET    /api/v1/roles/:id         --> simpkl-api/internal/shared/crud.RegisterRoutes[...].func2 (8 handlers)
[GIN-debug] POST   /api/v1/roles             --> simpkl-api/internal/shared/crud.RegisterRoutes[...].func3 (8 handlers)
[GIN-debug] PUT    /api/v1/roles/:id         --> simpkl-api/internal/shared/crud.RegisterRoutes[...].func4 (8 handlers)
[GIN-debug] DELETE /api/v1/roles/:id         --> simpkl-api/internal/shared/crud.RegisterRoutes[...].func5 (8 handlers)
[GIN-debug] PUT    /api/v1/roles/:id/permissions --> simpkl-api/internal/modules/roles/delivery/http.(*Handler).SetPermissions-fm (8 handlers)
[GIN-debug] GET    /api/v1/permissions       --> simpkl-api/internal/shared/crud.RegisterRoutes[...].func1 (8 handlers)
[GIN-debug] GET    /api/v1/permissions/:id   --> simpkl-api/internal/shared/crud.RegisterRoutes[...].func2 (8 handlers)
[GIN-debug] POST   /api/v1/permissions       --> simpkl-api/internal/shared/crud.RegisterRoutes[...].func3 (8 handlers)
[GIN-debug] PUT    /api/v1/permissions/:id   --> simpkl-api/internal/shared/crud.RegisterRoutes[...].func4 (8 handlers)
[GIN-debug] DELETE /api/v1/permissions/:id   --> simpkl-api/internal/shared/crud.RegisterRoutes[...].func5 (8 handlers)
[GIN-debug] GET    /api/v1/placements        --> simpkl-api/internal/shared/crud.RegisterRoutes[...].func1 (8 handlers)
[GIN-debug] GET    /api/v1/placements/:id    --> simpkl-api/internal/shared/crud.RegisterRoutes[...].func2 (8 handlers)
[GIN-debug] POST   /api/v1/placements        --> simpkl-api/internal/shared/crud.RegisterRoutes[...].func3 (8 handlers)
[GIN-debug] PUT    /api/v1/placements/:id    --> simpkl-api/internal/shared/crud.RegisterRoutes[...].func4 (8 handlers)
[GIN-debug] DELETE /api/v1/placements/:id    --> simpkl-api/internal/shared/crud.RegisterRoutes[...].func5 (8 handlers)
[GIN-debug] POST   /api/v1/placements/:id/transfer --> simpkl-api/internal/modules/placements/delivery/http.(*Handler).Transfer-fm (8 handlers)
[GIN-debug] GET    /api/v1/documents         --> simpkl-api/internal/modules/documents/delivery/http.(*Handler).List-fm (8 handlers)
[GIN-debug] GET    /api/v1/documents/:id     --> simpkl-api/internal/modules/documents/delivery/http.(*Handler).Get-fm (8 handlers)
[GIN-debug] POST   /api/v1/documents         --> simpkl-api/internal/modules/documents/delivery/http.(*Handler).Upload-fm (8 handlers)
[GIN-debug] PUT    /api/v1/documents/:id/verify --> simpkl-api/internal/modules/documents/delivery/http.(*Handler).Verify-fm (8 handlers)
[GIN-debug] GET    /api/v1/documents/:id/download --> simpkl-api/internal/modules/documents/delivery/http.(*Handler).Download-fm (8 handlers)
[GIN-debug] DELETE /api/v1/documents/:id     --> simpkl-api/internal/modules/documents/delivery/http.(*Handler).Delete-fm (8 handlers)
[GIN-debug] GET    /api/v1/document-types    --> simpkl-api/internal/shared/crud.RegisterRoutes[...].func1 (8 handlers)
[GIN-debug] GET    /api/v1/document-types/:id --> simpkl-api/internal/shared/crud.RegisterRoutes[...].func2 (8 handlers)
[GIN-debug] POST   /api/v1/document-types    --> simpkl-api/internal/shared/crud.RegisterRoutes[...].func3 (8 handlers)
[GIN-debug] PUT    /api/v1/document-types/:id --> simpkl-api/internal/shared/crud.RegisterRoutes[...].func4 (8 handlers)
[GIN-debug] DELETE /api/v1/document-types/:id --> simpkl-api/internal/shared/crud.RegisterRoutes[...].func5 (8 handlers)
[GIN-debug] GET    /api/v1/readiness         --> simpkl-api/internal/shared/crud.(*Handler[...]).List-fm (8 handlers)
[GIN-debug] GET    /api/v1/readiness/:id     --> simpkl-api/internal/shared/crud.(*Handler[...]).Get-fm (8 handlers)
[GIN-debug] POST   /api/v1/readiness/recalculate --> simpkl-api/internal/modules/readiness/delivery/http.(*Handler).Recalculate-fm (8 handlers)
[GIN-debug] POST   /api/v1/readiness/override --> simpkl-api/internal/modules/readiness/delivery/http.(*Handler).Override-fm (8 handlers)
[GIN-debug] GET    /api/v1/archives          --> simpkl-api/internal/shared/crud.(*Handler[...]).List-fm (8 handlers)
[GIN-debug] GET    /api/v1/archives/:id      --> simpkl-api/internal/shared/crud.(*Handler[...]).Get-fm (8 handlers)
[GIN-debug] POST   /api/v1/archives          --> simpkl-api/internal/modules/archives/delivery/http.(*Handler).Archive-fm (8 handlers)
[GIN-debug] GET    /api/v1/reports/dashboard --> simpkl-api/internal/modules/reports/delivery/http.(*Handler).Dashboard-fm (8 handlers)
[GIN-debug] GET    /api/v1/reports/placements --> simpkl-api/internal/modules/reports/delivery/http.(*Handler).Placements-fm (8 handlers)
[GIN-debug] GET    /api/v1/reports/expirations --> simpkl-api/internal/modules/reports/delivery/http.(*Handler).Expirations-fm (8 handlers)
[GIN-debug] GET    /api/v1/audit-logs        --> simpkl-api/internal/modules/auditlogs/delivery/http.(*Handler).List-fm (8 handlers)
[GIN-debug] GET    /api/v1/audit-logs/:id    --> simpkl-api/internal/modules/auditlogs/delivery/http.(*Handler).Get-fm (8 handlers)
